// Jest Snapshot v1, https://goo.gl/fbAQLP

exports[`Card Component that it renders without crashing 1`] = `
<div
  className="card undefined"
/>
`;

exports[`Card Component that it should receive and render props 1`] = `
<div
  className="card undefined"
/>
`;
