// Jest Snapshot v1, https://goo.gl/fbAQLP

exports[`App Component that it mounts without crashing 1`] = `
<div
  className="App"
>
  <Header />
  <Main
    scroll={Object {}}
  />
</div>
`;
